src/components/drawers/InvoiceDetailDrawer.tsx(2,57): error TS6133: 'Plus' is declared but its value is never read.
src/components/drawers/InvoiceDetailDrawer.tsx(14,73): error TS6133: 'onAddPayment' is declared but its value is never read.
src/context/EmployeeContext.tsx(63,5): error TS2820: Type '"contracting"' is not assignable to type '"SERVICE" | "TRADING" | "CONTRACTING"'. Did you mean '"CONTRACTING"'?
src/context/EmployeeContext.tsx(88,5): error TS2820: Type '"service"' is not assignable to type '"SERVICE" | "TRADING" | "CONTRACTING"'. Did you mean '"SERVICE"'?
src/hooks/useCreditControl.ts(38,42): error TS2345: Argument of type '{ [k: string]: unknown; }' is not assignable to parameter of type 'string | Record<string, string> | URLSearchParams | string[][] | undefined'.
  Type '{ [k: string]: unknown; }' is missing the following properties from type 'string[][]': length, pop, push, concat, and 29 more.
src/hooks/useCreditControl.ts(55,42): error TS2345: Argument of type '{ [k: string]: unknown; }' is not assignable to parameter of type 'string | Record<string, string> | URLSearchParams | string[][] | undefined'.
  Type '{ [k: string]: unknown; }' is missing the following properties from type 'string[][]': length, pop, push, concat, and 29 more.
src/pages/accounts/BalanceSheet.tsx(22,26): error TS2367: This comparison appears to be unintentional because the types '"SERVICE" | "TRADING" | "CONTRACTING" | "all"' and '"service"' have no overlap.
src/pages/accounts/CreateExpense.tsx(4,20): error TS6133: 'useMutation' is declared but its value is never read.
src/pages/accounts/CreateExpense.tsx(107,5): error TS2353: Object literal may only specify known properties, and 'approvalStatus' does not exist in type 'ExpenseForm | (() => ExpenseForm)'.
src/pages/accounts/CreateExpense.tsx(145,27): error TS2367: This comparison appears to be unintentional because the types '"SERVICE" | "TRADING" | "CONTRACTING"' and '"service"' have no overlap.
src/pages/accounts/CreateExpense.tsx(147,9): error TS2367: This comparison appears to be unintentional because the types '"SERVICE" | "TRADING" | "CONTRACTING" | "business"' and '"contracting"' have no overlap.
src/pages/accounts/CreateExpense.tsx(147,44): error TS2367: This comparison appears to be unintentional because the types '"SERVICE" | "TRADING" | "CONTRACTING" | "business"' and '"trading"' have no overlap.
src/pages/accounts/CreateExpense.tsx(235,29): error TS2339: Property 'approvalStatus' does not exist on type 'ExpenseForm'.
src/pages/accounts/CreateExpense.tsx(235,86): error TS2339: Property 'approvalStatus' does not exist on type 'ExpenseForm'.
src/pages/accounts/CreateExpense.tsx(336,33): error TS2339: Property 'approvalStatus' does not exist on type 'ExpenseForm'.
src/pages/accounts/CreateExpense.tsx(450,19): error TS2322: Type '(newDivision: DivisionId) => void' is not assignable to type '(id: "SERVICE" | "TRADING" | "CONTRACTING" | "all") => void'.
  Types of parameters 'newDivision' and 'id' are incompatible.
    Type '"SERVICE" | "TRADING" | "CONTRACTING" | "all"' is not assignable to type '"SERVICE" | "TRADING" | "CONTRACTING"'.
      Type '"all"' is not assignable to type '"SERVICE" | "TRADING" | "CONTRACTING"'.
src/pages/accounts/CreditControl.tsx(11,3): error TS6133: 'Plus' is declared but its value is never read.
src/pages/accounts/CreditControl.tsx(13,3): error TS6133: 'ArrowRight' is declared but its value is never read.
src/pages/accounts/CreditControl.tsx(19,23): error TS6133: 'downloadMockFile' is declared but its value is never read.
src/pages/accounts/CreditControl.tsx(76,37): error TS2339: Property 'dueAmount' does not exist on type 'CreditSummary'.
src/pages/accounts/CreditControl.tsx(80,9): error TS6133: 'alerts' is declared but its value is never read.
src/pages/accounts/CreditControl.tsx(274,48): error TS2339: Property 'due_date' does not exist on type 'Invoice'.
src/pages/accounts/CreditControl.tsx(274,71): error TS2339: Property 'due_date' does not exist on type 'Invoice'.
src/pages/accounts/CreditControl.tsx(287,35): error TS2339: Property 'due_date' does not exist on type 'Invoice'.
src/pages/accounts/CreditControl.tsx(288,39): error TS2339: Property 'invoice_date' does not exist on type 'Invoice'.
src/pages/accounts/CreditRequest.tsx(150,15): error TS2345: Argument of type '{ clientId: string; clientName: string; requestedLimit: string; reason: string; notes: string; }' is not assignable to parameter of type 'SetStateAction<{ clientId: string; clientName: string; requestedLimit: string; reason: string; notes: string; approvalStatus: string; }>'.
  Property 'approvalStatus' is missing in type '{ clientId: string; clientName: string; requestedLimit: string; reason: string; notes: string; }' but required in type '{ clientId: string; clientName: string; requestedLimit: string; reason: string; notes: string; approvalStatus: string; }'.
src/pages/accounts/CreditRequest.tsx(197,93): error TS2551: Property 'Name' does not exist on type 'Client'. Did you mean 'name'?
src/pages/accounts/CreditRequest.tsx(207,46): error TS2551: Property 'Name' does not exist on type 'Client'. Did you mean 'name'?
src/pages/accounts/CreditRequest.tsx(207,60): error TS2339: Property 'company' does not exist on type 'Client'.
src/pages/accounts/CreditRequest.tsx(207,78): error TS2339: Property 'Company' does not exist on type 'Client'.
src/pages/accounts/CreditRequest.tsx(207,99): error TS2339: Property 'company' does not exist on type 'Client'.
src/pages/accounts/CreditRequest.tsx(207,117): error TS2339: Property 'Company' does not exist on type 'Client'.
src/pages/accounts/ExpenseDetails.tsx(1,20): error TS6133: 'useEffect' is declared but its value is never read.
src/pages/accounts/ExpenseDetails.tsx(8,1): error TS6133: 'Expense' is declared but its value is never read.
src/pages/accounts/ExpenseDetails.tsx(95,121): error TS2339: Property 'description' does not exist on type '{ id: any; createdAt: any; amount: any; expenseName: any; date: string; category: any; paymentMethod: any; vendor: any; notes: any; attachment: any; approvalStatus: any; allocationType: any; allocations: any; divisionLabel: any; referenceType: any; }'.
src/pages/accounts/ExpenseDetails.tsx(127,84): error TS18046: 'percent' is of type 'unknown'.
src/pages/accounts/ExpenseDetails.tsx(134,149): error TS2322: Type 'unknown' is not assignable to type 'ReactNode'.
src/pages/accounts/Expenses.tsx(169,9): error TS6133: 'handleToggleApproval' is declared but its value is never read.
src/pages/accounts/FinancialReports.tsx(51,40): error TS2367: This comparison appears to be unintentional because the types '"SERVICE" | "TRADING" | "CONTRACTING"' and '"service"' have no overlap.
src/pages/accounts/FinancialReports.tsx(86,32): error TS2367: This comparison appears to be unintentional because the types '"SERVICE" | "TRADING" | "CONTRACTING" | "all"' and '"service"' have no overlap.
src/pages/accounts/FinancialReports.tsx(143,32): error TS2367: This comparison appears to be unintentional because the types '"SERVICE" | "TRADING" | "CONTRACTING" | "all"' and '"service"' have no overlap.
src/pages/accounts/FinancialReports.tsx(495,55): error TS2367: This comparison appears to be unintentional because the types '"SERVICE" | "TRADING" | "CONTRACTING"' and '"service"' have no overlap.
src/pages/accounts/InvoiceDetails.tsx(7,24): error TS6196: 'InvoiceItem' is declared but never used.
src/pages/accounts/Payments.tsx(25,71): error TS2367: This comparison appears to be unintentional because the types '"SERVICE" | "TRADING" | "CONTRACTING"' and '"service"' have no overlap.
src/pages/accounts/ProfitLoss.tsx(20,26): error TS2367: This comparison appears to be unintentional because the types '"SERVICE" | "TRADING" | "CONTRACTING" | "all"' and '"service"' have no overlap.
src/pages/accounts/ProfitLoss.tsx(54,25): error TS2367: This comparison appears to be unintentional because the types '"SERVICE" | "TRADING" | "CONTRACTING"' and '"service"' have no overlap.
src/pages/admin/AdminPROTracking.tsx(30,5): error TS2769: No overload matches this call.
  Overload 1 of 3, '(options: DefinedInitialDataOptions<unknown, Error, unknown, string[]>, queryClient?: QueryClient | undefined): DefinedUseQueryResult<unknown, Error>', gave the following error.
    Type '(filters?: { sector?: string; division?: string; }) => Promise<Client[]>' is not assignable to type 'QueryFunction<unknown, string[]>'.
      Types of parameters 'filters' and 'context' are incompatible.
        Type '{ client: QueryClient; queryKey: string[]; signal: AbortSignal; meta: Record<string, unknown> | undefined; pageParam?: unknown; direction?: unknown; }' has no properties in common with type '{ sector?: string | undefined; division?: string | undefined; }'.
  Overload 2 of 3, '(options: UndefinedInitialDataOptions<Client[], Error, Client[], string[]>, queryClient?: QueryClient | undefined): UseQueryResult<...>', gave the following error.
    Type '(filters?: { sector?: string; division?: string; }) => Promise<Client[]>' is not assignable to type 'unique symbol | QueryFunction<Client[], string[], never> | undefined'.
      Type '(filters?: { sector?: string; division?: string; }) => Promise<Client[]>' is not assignable to type 'QueryFunction<Client[], string[], never>'.
        Types of parameters 'filters' and 'context' are incompatible.
          Type '{ client: QueryClient; queryKey: string[]; signal: AbortSignal; meta: Record<string, unknown> | undefined; pageParam?: unknown; direction?: unknown; }' has no properties in common with type '{ sector?: string | undefined; division?: string | undefined; }'.
  Overload 3 of 3, '(options: UseQueryOptions<Client[], Error, Client[], string[]>, queryClient?: QueryClient | undefined): UseQueryResult<Client[], Error>', gave the following error.
    Type '(filters?: { sector?: string; division?: string; }) => Promise<Client[]>' is not assignable to type 'unique symbol | QueryFunction<Client[], string[], never> | undefined'.
      Type '(filters?: { sector?: string; division?: string; }) => Promise<Client[]>' is not assignable to type 'QueryFunction<Client[], string[], never>'.
        Types of parameters 'filters' and 'context' are incompatible.
          Type '{ client: QueryClient; queryKey: string[]; signal: AbortSignal; meta: Record<string, unknown> | undefined; pageParam?: unknown; direction?: unknown; }' has no properties in common with type '{ sector?: string | undefined; division?: string | undefined; }'.
src/pages/admin/CreateClient.tsx(158,13): error TS2322: Type '(id: DivisionId) => void' is not assignable to type '(id: "SERVICE" | "TRADING" | "CONTRACTING" | "all") => void'.
  Types of parameters 'id' and 'id' are incompatible.
    Type '"SERVICE" | "TRADING" | "CONTRACTING" | "all"' is not assignable to type '"SERVICE" | "TRADING" | "CONTRACTING"'.
      Type '"all"' is not assignable to type '"SERVICE" | "TRADING" | "CONTRACTING"'.
src/pages/admin/CreateProject.tsx(300,22): error TS2304: Cannot find name 'DollarSign'.
src/pages/admin/Users.tsx(2,20): error TS6133: 'useEffect' is declared but its value is never read.
src/pages/admin/Users.tsx(2,31): error TS6133: 'useRef' is declared but its value is never read.
src/pages/admin/Users.tsx(4,30): error TS6133: 'AlertTriangle' is declared but its value is never read.
src/pages/admin/Users.tsx(4,45): error TS6133: 'Check' is declared but its value is never read.
src/pages/admin/Users.tsx(4,52): error TS6133: 'X' is declared but its value is never read.
src/pages/auth/Login.tsx(7,21): error TS6196: 'User' is declared but never used.
src/pages/auth/Login.tsx(78,21): error TS6133: 'token' is declared but its value is never read.
src/pages/client_portal/ClientBilling.tsx(14,1): error TS6133: 'downloadMockFile' is declared but its value is never read.
src/pages/pm/BOQDetails.tsx(1,8): error TS6133: 'React' is declared but its value is never read.
src/pages/pm/BusinessProposalView.tsx(134,94): error TS2339: Property 'netTotal' does not exist on type 'Quotation'.
src/pages/pm/CreateBOQ.tsx(3,20): error TS6133: 'useMutation' is declared but its value is never read.
src/pages/pm/CreateInvoice.tsx(51,9): error TS2353: Object literal may only specify known properties, and 'projectName' does not exist in type 'Partial<Invoice> | (() => Partial<Invoice>)'.
src/pages/pm/CreateInvoice.tsx(232,32): error TS2339: Property 'projectName' does not exist on type 'Partial<Invoice>'.
src/pages/pm/CreateInvoice.tsx(372,88): error TS2339: Property 'projectName' does not exist on type 'Partial<Invoice>'.
src/pages/pm/CreateJob.tsx(62,15): error TS2367: This comparison appears to be unintentional because the types '"SERVICE" | "TRADING" | "CONTRACTING"' and '"service"' have no overlap.
src/pages/pm/CreateJob.tsx(76,52): error TS2322: Type '"SERVICE" | "TRADING" | "CONTRACTING" | "all"' is not assignable to type '"SERVICE" | "TRADING" | "CONTRACTING"'.
  Type '"all"' is not assignable to type '"SERVICE" | "TRADING" | "CONTRACTING"'.
src/pages/pm/CreateProject.tsx(3,10): error TS6133: 'useQuery' is declared but its value is never read.
src/pages/pm/CreateProject.tsx(12,1): error TS6133: 'userService' is declared but its value is never read.
src/pages/pm/CreateProject.tsx(14,30): error TS6196: 'Project' is declared but never used.
src/pages/pm/CreateProject.tsx(17,11): error TS6196: 'FormState' is declared but never used.
src/pages/pm/CreateQuotation.tsx(113,47): error TS2551: Property 'Status' does not exist on type 'Quotation'. Did you mean 'status'?
src/pages/pm/EditProject.tsx(10,24): error TS6196: 'ProjectStatus' is declared but never used.
src/pages/pm/Invoices.tsx(28,25): error TS2367: This comparison appears to be unintentional because the types '"SERVICE" | "TRADING" | "CONTRACTING"' and '"service"' have no overlap.
src/pages/pm/Jobs.tsx(23,30): error TS2367: This comparison appears to be unintentional because the types '"SERVICE" | "TRADING" | "CONTRACTING" | "all"' and '"service"' have no overlap.
src/pages/pm/Projects.tsx(25,30): error TS2367: This comparison appears to be unintentional because the types '"SERVICE" | "TRADING" | "CONTRACTING" | "all"' and '"service"' have no overlap.
src/services/apiMock.ts(2,1): error TS6133: 'User' is declared but its value is never read.
